VDCc8 , "kOT"
VDCc8 , "kOT"
fR8WO , "Hy"
fR8WO , "Hy"
C2eeb , "c"
fR8WO , "W"
dSEuh , "0"
VDCc8 , "kOT"
fR8WO , "Hy"
VDCc8 , "kOT"
P7iP4 , "I"
dSEuh , "M"
