Zv , "886qz"
Zv , "886qz"
b9MGS , "BcGo"
X72YJ , "6"
Zv , "86qz"
Jz , "f"
kFAjf , "j"
Jz , "fee"
Zv , "6qz"
Zv , "86qz"
Jz , "f"
Zv , "86qz"
X72YJ , "6"
X72YJ , "Q"
b9MGS , "OcGo"
b9MGS , "cGo"
Jz , "8e"
Zv , "86qz"
kFAjf , "j"
