jThyL , "S"
GFmP6 , "V"
jThyL , "S"
MR1S6 , "ZZ"
T1 , "KXe"
T1 , "KXe"
MR1S6 , "Z"
ERROR
