t1 , "aaaabbbbcc"
t2 , "aaacca"
t3 , "babababcccc"
