t1323 , "xxyzpq"
jdwrq3 , "xyzpqq"
kj342 , "xzp"
kj342 , "xxxyw"
