pY0vD , "s"
g7mJO , "2"
L6 , "q"
g7mJO , "2ll"
pY0vD , "s"
pY0vD , "s"
L6 , "q"
tIykT , "qj"
foAxj , "sJ"
g7mJO , "2l"
g7mJO , "2ll"
tIykT , "qv"
g7mJO , "2"
pY0vD , "s"
tIykT , "qj"
tIykT , "qj"
g7mJO , "2l"
tIykT , "qo"
foAxj , "sJ"
foAxj , "zRJ"
g7mJO , "2"
