SgkKj , "z"
y7 , "1rsf"
umQtJ , "f"
SgkKj , "z"
SgkKj , "D"
umQtJ , "f"
ERROR
