FHMIZ , "I"
GJyK1 , "6G"
gr , "rT"
GJyK1 , "6G"
GJyK1 , "6G"
gr , "rT"
gr , "rbl"
rP4XO , "b"
GJyK1 , "Q"
FHMIZ , "I"
rP4XO , "b"
gr , "rT"
LSGa5 , "h"
rP4XO , "b"
LSGa5 , "h"
