zeXdI , "HN"
G9MdN , "0"
zeXdI , "HN"
G9MdN , "v"
tNxlb , "SqMn"
r9Bvt , "WqL"
zeXdI , "kz"
SYQrI , "aWtaWt"
r9Bvt , "WqL"
G9MdN , "0"
SYQrI , "aWtaWt"
tNxlb , "SqMn"
zeXdI , "HN"
