m983j , "x"
t983ud , "by"
t983ud , "axby"
m983j , "aaax"
t983ud , "axaxby"
