M5h3 , "bbbp"
M5h3 , "q"
M5h3 , "bp"
M5h3 , "p"
M5h3 , "p"
JK4oiu , "m"
JK4oiu , "n"
QR4tu , "bQr"
JK4oiu , "m"
M5h3 , "p"
M5h3 , "q"
