Bxrzu , "53"
Bxrzu , "K"
Bxrzu , "K"
Bxrzu , "53"
Bxrzu , "K"
Bxrzu , "K"
Bxrzu , "K"
Bxrzu , "53"
Bxrzu , "K"
Bxrzu , "53"
Bxrzu , "53"
Bxrzu , "53"
Bxrzu , "53"
